components:
  schemas:
    ArtifactKind:
      enum:
        - 0
        - 1
        - 2
        - 3
        - 4
        - 5
        - 6
        - 7
        - 8
        - 9
        - 10
        - 11
        - 12
        - 13
        - 14
        - 15
        - 16
      type: integer
      x-enum-varnames:
        - KindMission
        - KindGlossary
        - KindScrubbedRequirements
        - KindVolatilities
        - KindCoreUseCases
        - KindSystem
        - KindOperationalConcepts
        - KindStandardCheck
        - KindPlanningAssumptions
        - KindActivityList
        - KindNetwork
        - KindNormalSolution
        - KindSubcriticalSolution
        - KindCompressedSolution
        - KindDecompressedSolution
        - KindRiskModel
        - KindSdpReview
      x-go-base: int
    DraftModel:
      additionalProperties: false
      properties:
        kind:
          type: string
        model:
          type:
            - "null"
          x-go-import: encoding/json
          x-go-type: json.RawMessage
      required:
        - kind
      type: object
    ErrorResponse:
      additionalProperties: false
      properties:
        code:
          type: string
        error:
          type: string
      required:
        - error
        - code
      type: object
    Finding:
      additionalProperties: false
      properties:
        location:
          $ref: '#/components/schemas/Location'
          type:
            - "null"
        message:
          type: string
        ruleId:
          $ref: '#/components/schemas/RuleID'
          x-go-name: RuleID
        severity:
          $ref: '#/components/schemas/Severity'
      required:
        - ruleId
        - severity
        - message
      type: object
    Location:
      additionalProperties: false
      properties:
        ordinal:
          type: integer
        section:
          type: string
      required:
        - ordinal
        - section
      type: object
    OptionID:
      type: string
    PhaseAdvanceResult:
      additionalProperties: false
      properties:
        advanced:
          type: boolean
        missingArtifacts:
          items:
            $ref: '#/components/schemas/ArtifactKind'
          type:
            - "null"
            - array
      required:
        - advanced
        - missingArtifacts
      type: object
    ProjectID:
      type: string
    ReviewDecision:
      enum:
        - 0
        - 1
        - 2
        - 3
      type: integer
      x-enum-varnames:
        - ReviewDecisionUnknown
        - ReviewApprove
        - ReviewReject
        - ReviewWithdraw
      x-go-base: int
    ReviewFeedback:
      additionalProperties: false
      properties:
        notes:
          type: string
      required:
        - notes
      type: object
    RuleID:
      type: string
    SDPDecision:
      enum:
        - 0
        - 1
        - 2
      type: integer
      x-enum-varnames:
        - SDPDecisionUnknown
        - SDPCommit
        - SDPRejectAll
      x-go-base: int
    SessionRef:
      type: string
    SessionStage:
      enum:
        - 0
        - 1
        - 2
        - 3
        - 4
        - 5
        - 6
        - 7
        - 8
      type: integer
      x-enum-varnames:
        - SessionStageUnknown
        - StageDrafting
        - StageAssemblingSDP
        - StageAwaitingReview
        - StageRedrafting
        - StageCommitted
        - StageWithdrawn
        - StageRefused
        - StageDraftFailed
      x-go-base: int
    SessionStateView:
      additionalProperties: false
      properties:
        artifactKind:
          $ref: '#/components/schemas/ArtifactKind'
        draft:
          $ref: '#/components/schemas/DraftModel'
        failureReason:
          type:
            - "null"
            - string
        findings:
          items:
            $ref: '#/components/schemas/Finding'
          type:
            - "null"
            - array
        projectId:
          $ref: '#/components/schemas/ProjectID'
          x-go-name: ProjectID
        stage:
          $ref: '#/components/schemas/SessionStage'
      required:
        - projectId
        - artifactKind
        - stage
        - draft
      type: object
    Severity:
      enum:
        - info
        - warning
        - error
      type: string
      x-enum-varnames:
        - SeverityInfo
        - SeverityWarning
        - SeverityError
      x-go-base: string
  securitySchemes:
    bearerAuth:
      scheme: bearer
      type: http
info:
  title: ProjectDesign API
  version: 1.0.0
openapi: 3.1.0
paths:
  /api/v1/project-design/advance-to-construction/{projectID}:
    post:
      operationId: AdvanceToConstruction
      parameters:
        - in: path
          name: projectID
          required: true
          schema:
            $ref: '#/components/schemas/ProjectID'
      responses:
        "200":
          content:
            application/json:
              schema:
                $ref: '#/components/schemas/PhaseAdvanceResult'
          description: success
        "400":
          content:
            application/json:
              schema:
                $ref: '#/components/schemas/ErrorResponse'
          description: contract misuse
        "401":
          content:
            application/json:
              schema:
                $ref: '#/components/schemas/ErrorResponse'
          description: unauthenticated
        "403":
          content:
            application/json:
              schema:
                $ref: '#/components/schemas/ErrorResponse'
          description: forbidden
        "404":
          content:
            application/json:
              schema:
                $ref: '#/components/schemas/ErrorResponse'
          description: not found
        "409":
          content:
            application/json:
              schema:
                $ref: '#/components/schemas/ErrorResponse'
          description: failed precondition
        "500":
          content:
            application/json:
              schema:
                $ref: '#/components/schemas/ErrorResponse'
          description: internal error
        "503":
          content:
            application/json:
              schema:
                $ref: '#/components/schemas/ErrorResponse'
          description: infrastructure unavailable
      security:
        - bearerAuth: []
  /api/v1/project-design/get-session-state/{projectID}:
    get:
      operationId: GetSessionState
      parameters:
        - in: path
          name: projectID
          required: true
          schema:
            $ref: '#/components/schemas/ProjectID'
        - in: query
          name: kind
          required: true
          schema:
            $ref: '#/components/schemas/ArtifactKind'
      responses:
        "200":
          content:
            application/json:
              schema:
                $ref: '#/components/schemas/SessionStateView'
          description: success
        "400":
          content:
            application/json:
              schema:
                $ref: '#/components/schemas/ErrorResponse'
          description: contract misuse
        "401":
          content:
            application/json:
              schema:
                $ref: '#/components/schemas/ErrorResponse'
          description: unauthenticated
        "403":
          content:
            application/json:
              schema:
                $ref: '#/components/schemas/ErrorResponse'
          description: forbidden
        "404":
          content:
            application/json:
              schema:
                $ref: '#/components/schemas/ErrorResponse'
          description: not found
        "409":
          content:
            application/json:
              schema:
                $ref: '#/components/schemas/ErrorResponse'
          description: failed precondition
        "500":
          content:
            application/json:
              schema:
                $ref: '#/components/schemas/ErrorResponse'
          description: internal error
        "503":
          content:
            application/json:
              schema:
                $ref: '#/components/schemas/ErrorResponse'
          description: infrastructure unavailable
      security:
        - bearerAuth: []
  /api/v1/project-design/request-artifact-draft/{projectID}:
    post:
      operationId: RequestArtifactDraft
      parameters:
        - in: path
          name: projectID
          required: true
          schema:
            $ref: '#/components/schemas/ProjectID'
      requestBody:
        content:
          application/json:
            schema:
              properties:
                feedback:
                  $ref: '#/components/schemas/ReviewFeedback'
                kind:
                  $ref: '#/components/schemas/ArtifactKind'
              required:
                - kind
              type: object
        required: true
      responses:
        "200":
          content:
            application/json:
              schema:
                $ref: '#/components/schemas/SessionRef'
          description: success
        "400":
          content:
            application/json:
              schema:
                $ref: '#/components/schemas/ErrorResponse'
          description: contract misuse
        "401":
          content:
            application/json:
              schema:
                $ref: '#/components/schemas/ErrorResponse'
          description: unauthenticated
        "403":
          content:
            application/json:
              schema:
                $ref: '#/components/schemas/ErrorResponse'
          description: forbidden
        "404":
          content:
            application/json:
              schema:
                $ref: '#/components/schemas/ErrorResponse'
          description: not found
        "409":
          content:
            application/json:
              schema:
                $ref: '#/components/schemas/ErrorResponse'
          description: failed precondition
        "500":
          content:
            application/json:
              schema:
                $ref: '#/components/schemas/ErrorResponse'
          description: internal error
        "503":
          content:
            application/json:
              schema:
                $ref: '#/components/schemas/ErrorResponse'
          description: infrastructure unavailable
      security:
        - bearerAuth: []
  /api/v1/project-design/request-sdp-commit/{projectID}:
    post:
      operationId: RequestSDPCommit
      parameters:
        - in: path
          name: projectID
          required: true
          schema:
            $ref: '#/components/schemas/ProjectID'
      responses:
        "200":
          content:
            application/json:
              schema:
                $ref: '#/components/schemas/SessionRef'
          description: success
        "400":
          content:
            application/json:
              schema:
                $ref: '#/components/schemas/ErrorResponse'
          description: contract misuse
        "401":
          content:
            application/json:
              schema:
                $ref: '#/components/schemas/ErrorResponse'
          description: unauthenticated
        "403":
          content:
            application/json:
              schema:
                $ref: '#/components/schemas/ErrorResponse'
          description: forbidden
        "404":
          content:
            application/json:
              schema:
                $ref: '#/components/schemas/ErrorResponse'
          description: not found
        "409":
          content:
            application/json:
              schema:
                $ref: '#/components/schemas/ErrorResponse'
          description: failed precondition
        "500":
          content:
            application/json:
              schema:
                $ref: '#/components/schemas/ErrorResponse'
          description: internal error
        "503":
          content:
            application/json:
              schema:
                $ref: '#/components/schemas/ErrorResponse'
          description: infrastructure unavailable
      security:
        - bearerAuth: []
  /api/v1/project-design/submit-review-decision/{projectID}:
    post:
      operationId: SubmitReviewDecision
      parameters:
        - in: path
          name: projectID
          required: true
          schema:
            $ref: '#/components/schemas/ProjectID'
      requestBody:
        content:
          application/json:
            schema:
              properties:
                decision:
                  $ref: '#/components/schemas/ReviewDecision'
                feedback:
                  $ref: '#/components/schemas/ReviewFeedback'
                kind:
                  $ref: '#/components/schemas/ArtifactKind'
              required:
                - kind
                - decision
              type: object
        required: true
      responses:
        "204":
          description: no content
        "400":
          content:
            application/json:
              schema:
                $ref: '#/components/schemas/ErrorResponse'
          description: contract misuse
        "401":
          content:
            application/json:
              schema:
                $ref: '#/components/schemas/ErrorResponse'
          description: unauthenticated
        "403":
          content:
            application/json:
              schema:
                $ref: '#/components/schemas/ErrorResponse'
          description: forbidden
        "404":
          content:
            application/json:
              schema:
                $ref: '#/components/schemas/ErrorResponse'
          description: not found
        "409":
          content:
            application/json:
              schema:
                $ref: '#/components/schemas/ErrorResponse'
          description: failed precondition
        "500":
          content:
            application/json:
              schema:
                $ref: '#/components/schemas/ErrorResponse'
          description: internal error
        "503":
          content:
            application/json:
              schema:
                $ref: '#/components/schemas/ErrorResponse'
          description: infrastructure unavailable
      security:
        - bearerAuth: []
  /api/v1/project-design/submit-sdp-decision/{projectID}/{optionID}:
    post:
      operationId: SubmitSDPDecision
      parameters:
        - in: path
          name: projectID
          required: true
          schema:
            $ref: '#/components/schemas/ProjectID'
        - in: path
          name: optionID
          required: true
          schema:
            $ref: '#/components/schemas/OptionID'
      requestBody:
        content:
          application/json:
            schema:
              properties:
                decision:
                  $ref: '#/components/schemas/SDPDecision'
                feedback:
                  $ref: '#/components/schemas/ReviewFeedback'
              required:
                - decision
              type: object
        required: true
      responses:
        "204":
          description: no content
        "400":
          content:
            application/json:
              schema:
                $ref: '#/components/schemas/ErrorResponse'
          description: contract misuse
        "401":
          content:
            application/json:
              schema:
                $ref: '#/components/schemas/ErrorResponse'
          description: unauthenticated
        "403":
          content:
            application/json:
              schema:
                $ref: '#/components/schemas/ErrorResponse'
          description: forbidden
        "404":
          content:
            application/json:
              schema:
                $ref: '#/components/schemas/ErrorResponse'
          description: not found
        "409":
          content:
            application/json:
              schema:
                $ref: '#/components/schemas/ErrorResponse'
          description: failed precondition
        "500":
          content:
            application/json:
              schema:
                $ref: '#/components/schemas/ErrorResponse'
          description: internal error
        "503":
          content:
            application/json:
              schema:
                $ref: '#/components/schemas/ErrorResponse'
          description: infrastructure unavailable
      security:
        - bearerAuth: []
security:
  - bearerAuth: []
